40000000
40000000
C0000000
C0000000
3E800000
3C23D70B
38D1B717
41C80000
42C80000
43C80000
461C4000
471C4000
481C4000
3F7FFFFE
3F800002
411DE9E7
00000000
00000000
80000000
80000000
00000000
00000000
7F800000
FF800000
FF800000
7F800000
7FC00000
7FC00000
7FC00000
7FC00000
7FC00000
7FC00000
7FC00000
7FC00000
7FC00000
7FC00000
7FC00000
7FC00000
7F800000
7F800000
00000000
00000000
00000000
00000000
